     1 00000000                                 [FORMAT "WCOFF"]
     2 00000000                                 [INSTRSET "i486p"]
     3 00000000                                 [OPTIMIZE 1]
     4 00000000                                 [OPTION 1]
     5 00000000                                 [BITS 32]
     6 00000000                                 	EXTERN	_api_malloc
     7 00000000                                 	EXTERN	_api_linewin
     8 00000000                                 	EXTERN	_api_refreshwin
     9 00000000                                 	EXTERN	_api_boxfilwin
    10 00000000                                 	EXTERN	_sprintf
    11 00000000                                 	EXTERN	_api_putstrwin
    12 00000000                                 	EXTERN	_api_getkey
    13 00000000                                 	EXTERN	_api_closewin
    14 00000000                                 	EXTERN	_api_end
    15 00000000                                 	EXTERN	_api_initmalloc
    16 00000000                                 	EXTERN	_api_openwin
    17 00000000                                 [FILE "hanoi.c"]
    18 00000000                                 	GLOBAL	_out_size
    19                                          [SECTION .data]
    20 00000000                                 	ALIGNB	4
    21 00000000                                 _out_size:
    22 00000000 00000000                        	DD	0
    23 00000004                                 	GLOBAL	_out_location
    24 00000004                                 	ALIGNB	4
    25 00000004                                 _out_location:
    26 00000004 00000000                        	DD	0
    27 00000008                                 	GLOBAL	_level
    28 00000008                                 	ALIGNB	4
    29 00000008                                 _level:
    30 00000008 00000003                        	DD	3
    31 0000000C                                 	GLOBAL	_step
    32 0000000C                                 	ALIGNB	4
    33 0000000C                                 _step:
    34 0000000C 00000000                        	DD	0
    35                                          [SECTION .text]
    36 00000000                                 	GLOBAL	_hanoi_init
    37 00000000                                 _hanoi_init:
    38 00000000 55                              	PUSH	EBP
    39 00000001 89 E5                           	MOV	EBP,ESP
    40 00000003 56                              	PUSH	ESI
    41 00000004 53                              	PUSH	EBX
    42 00000005 31 DB                           	XOR	EBX,EBX
    43 00000007 8B 75 08                        	MOV	ESI,DWORD [8+EBP]
    44 0000000A C7 05 [00000000] 00000000       	MOV	DWORD [_out_size],0
    45 00000014 C7 05 [00000004] 00000000       	MOV	DWORD [_out_location],0
    46 0000001E C7 05 [0000000C] 00000000       	MOV	DWORD [_step],0
    47 00000028                                 L11:
    48 00000028 A1 [00000008]                   	MOV	EAX,DWORD [_level]
    49 0000002D C1 E0 02                        	SAL	EAX,2
    50 00000030 50                              	PUSH	EAX
    51 00000031 E8 [00000000]                   	CALL	_api_malloc
    52 00000036 31 D2                           	XOR	EDX,EDX
    53 00000038 3B 15 [00000008]                	CMP	EDX,DWORD [_level]
    54 0000003E 89 04 9D [00000040]             	MOV	DWORD [_hanois+EBX*4],EAX
    55 00000045 59                              	POP	ECX
    56 00000046 7D 10                           	JGE	L20
    57 00000048                                 L10:
    58 00000048 C7 04 90 00000000               	MOV	DWORD [EAX+EDX*4],0
    59 0000004F 42                              	INC	EDX
    60 00000050 3B 15 [00000008]                	CMP	EDX,DWORD [_level]
    61 00000056 7C F0                           	JL	L10
    62 00000058                                 L20:
    63 00000058 43                              	INC	EBX
    64 00000059 83 FB 02                        	CMP	EBX,2
    65 0000005C 7E CA                           	JLE	L11
    66 0000005E 31 DB                           	XOR	EBX,EBX
    67 00000060 A1 [00000008]                   	MOV	EAX,DWORD [_level]
    68 00000065 39 C3                           	CMP	EBX,EAX
    69 00000067 7D 15                           	JGE	L22
    70 00000069 8B 15 [00000040]                	MOV	EDX,DWORD [_hanois]
    71 0000006F                                 L16:
    72 0000006F 29 D8                           	SUB	EAX,EBX
    73 00000071 89 04 9A                        	MOV	DWORD [EDX+EBX*4],EAX
    74 00000074 43                              	INC	EBX
    75 00000075 A1 [00000008]                   	MOV	EAX,DWORD [_level]
    76 0000007A 39 C3                           	CMP	EBX,EAX
    77 0000007C 7C F1                           	JL	L16
    78 0000007E                                 L22:
    79 0000007E 89 75 08                        	MOV	DWORD [8+EBP],ESI
    80 00000081 8D 65 F8                        	LEA	ESP,DWORD [-8+EBP]
    81 00000084 5B                              	POP	EBX
    82 00000085 5E                              	POP	ESI
    83 00000086 5D                              	POP	EBP
    84 00000087 E9 00000105                     	JMP	_hanoi_print
    85 0000008C                                 	GLOBAL	_triangle_print
    86 0000008C                                 _triangle_print:
    87 0000008C 55                              	PUSH	EBP
    88 0000008D 89 E5                           	MOV	EBP,ESP
    89 0000008F 57                              	PUSH	EDI
    90 00000090 56                              	PUSH	ESI
    91 00000091 53                              	PUSH	EBX
    92 00000092 8B 75 0C                        	MOV	ESI,DWORD [12+EBP]
    93 00000095 8B 5D 10                        	MOV	EBX,DWORD [16+EBP]
    94 00000098 8B 7D 14                        	MOV	EDI,DWORD [20+EBP]
    95 0000009B 89 D8                           	MOV	EAX,EBX
    96 0000009D 29 F0                           	SUB	EAX,ESI
    97 0000009F 85 C0                           	TEST	EAX,EAX
    98 000000A1 7E 1C                           	JLE	L29
    99 000000A3                                 L27:
   100 000000A3 6A 01                           	PUSH	1
   101 000000A5 57                              	PUSH	EDI
   102 000000A6 53                              	PUSH	EBX
   103 000000A7 4B                              	DEC	EBX
   104 000000A8 57                              	PUSH	EDI
   105 000000A9 47                              	INC	EDI
   106 000000AA 56                              	PUSH	ESI
   107 000000AB 46                              	INC	ESI
   108 000000AC FF 75 08                        	PUSH	DWORD [8+EBP]
   109 000000AF E8 [00000000]                   	CALL	_api_linewin
   110 000000B4 89 D8                           	MOV	EAX,EBX
   111 000000B6 29 F0                           	SUB	EAX,ESI
   112 000000B8 83 C4 18                        	ADD	ESP,24
   113 000000BB 85 C0                           	TEST	EAX,EAX
   114 000000BD 7F E4                           	JG	L27
   115 000000BF                                 L29:
   116 000000BF 68 000000C1                     	PUSH	193
   117 000000C4 68 00000127                     	PUSH	295
   118 000000C9 6A 1A                           	PUSH	26
   119 000000CB 6A 06                           	PUSH	6
   120 000000CD FF 75 08                        	PUSH	DWORD [8+EBP]
   121 000000D0 E8 [00000000]                   	CALL	_api_refreshwin
   122 000000D5 8D 65 F4                        	LEA	ESP,DWORD [-12+EBP]
   123 000000D8 5B                              	POP	EBX
   124 000000D9 5E                              	POP	ESI
   125 000000DA 5F                              	POP	EDI
   126 000000DB 5D                              	POP	EBP
   127 000000DC C3                              	RET
   128 000000DD                                 	GLOBAL	_item_print
   129 000000DD                                 _item_print:
   130 000000DD 55                              	PUSH	EBP
   131 000000DE 89 E5                           	MOV	EBP,ESP
   132 000000E0 57                              	PUSH	EDI
   133 000000E1 56                              	PUSH	ESI
   134 000000E2 53                              	PUSH	EBX
   135 000000E3 53                              	PUSH	EBX
   136 000000E4 53                              	PUSH	EBX
   137 000000E5 8B 45 14                        	MOV	EAX,DWORD [20+EBP]
   138 000000E8 85 C0                           	TEST	EAX,EAX
   139 000000EA 75 08                           	JNE	L33
   140 000000EC                                 L30:
   141 000000EC 8D 65 F4                        	LEA	ESP,DWORD [-12+EBP]
   142 000000EF 5B                              	POP	EBX
   143 000000F0 5E                              	POP	ESI
   144 000000F1 5F                              	POP	EDI
   145 000000F2 5D                              	POP	EBP
   146 000000F3 C3                              	RET
   147 000000F4                                 L33:
   148 000000F4 8D 04 C5 00000004               	LEA	EAX,DWORD [4+EAX*8]
   149 000000FB B9 00000002                     	MOV	ECX,2
   150 00000100 99                              	CDQ
   151 00000101 89 45 F0                        	MOV	DWORD [-16+EBP],EAX
   152 00000104 6A 01                           	PUSH	1
   153 00000106 F7 F9                           	IDIV	ECX
   154 00000108 6B 5D 0C 5A                     	IMUL	EBX,DWORD [12+EBP],90
   155 0000010C 6B 7D 10 0F                     	IMUL	EDI,DWORD [16+EBP],15
   156 00000110 89 DE                           	MOV	ESI,EBX
   157 00000112 89 45 EC                        	MOV	DWORD [-20+EBP],EAX
   158 00000115 29 C6                           	SUB	ESI,EAX
   159 00000117 8D 5C 18 42                     	LEA	EBX,DWORD [66+EAX+EBX*1]
   160 0000011B B8 000000C1                     	MOV	EAX,193
   161 00000120 B9 000000B7                     	MOV	ECX,183
   162 00000125 29 F8                           	SUB	EAX,EDI
   163 00000127 29 F9                           	SUB	ECX,EDI
   164 00000129 50                              	PUSH	EAX
   165 0000012A 83 C6 38                        	ADD	ESI,56
   166 0000012D 53                              	PUSH	EBX
   167 0000012E 51                              	PUSH	ECX
   168 0000012F 56                              	PUSH	ESI
   169 00000130 FF 75 08                        	PUSH	DWORD [8+EBP]
   170 00000133 E8 [00000000]                   	CALL	_api_boxfilwin
   171 00000138 83 C4 18                        	ADD	ESP,24
   172 0000013B EB AF                           	JMP	L30
   173 0000013D                                 	GLOBAL	_outitem_print
   174 0000013D                                 _outitem_print:
   175 0000013D 55                              	PUSH	EBP
   176 0000013E 89 E5                           	MOV	EBP,ESP
   177 00000140 53                              	PUSH	EBX
   178 00000141 50                              	PUSH	EAX
   179 00000142 50                              	PUSH	EAX
   180 00000143 A1 [00000000]                   	MOV	EAX,DWORD [_out_size]
   181 00000148 85 C0                           	TEST	EAX,EAX
   182 0000014A 75 05                           	JNE	L37
   183 0000014C                                 L34:
   184 0000014C 8B 5D FC                        	MOV	EBX,DWORD [-4+EBP]
   185 0000014F C9                              	LEAVE
   186 00000150 C3                              	RET
   187 00000151                                 L37:
   188 00000151 8D 04 C5 00000004               	LEA	EAX,DWORD [4+EAX*8]
   189 00000158 BB 00000002                     	MOV	EBX,2
   190 0000015D 99                              	CDQ
   191 0000015E 89 45 F8                        	MOV	DWORD [-8+EBP],EAX
   192 00000161 6A 01                           	PUSH	1
   193 00000163 F7 FB                           	IDIV	EBX
   194 00000165 6B 0D [00000004] 5A             	IMUL	ECX,DWORD [_out_location],90
   195 0000016C 89 45 F4                        	MOV	DWORD [-12+EBP],EAX
   196 0000016F 6A 2D                           	PUSH	45
   197 00000171 8B 55 F4                        	MOV	EDX,DWORD [-12+EBP]
   198 00000174 89 C8                           	MOV	EAX,ECX
   199 00000176 2B 45 F4                        	SUB	EAX,DWORD [-12+EBP]
   200 00000179 8D 4C 0A 42                     	LEA	ECX,DWORD [66+EDX+ECX*1]
   201 0000017D 51                              	PUSH	ECX
   202 0000017E 83 C0 38                        	ADD	EAX,56
   203 00000181 6A 23                           	PUSH	35
   204 00000183 50                              	PUSH	EAX
   205 00000184 FF 75 08                        	PUSH	DWORD [8+EBP]
   206 00000187 E8 [00000000]                   	CALL	_api_boxfilwin
   207 0000018C 83 C4 18                        	ADD	ESP,24
   208 0000018F EB BB                           	JMP	L34
   209                                          [SECTION .data]
   210 00000010                                 LC0:
   211 00000010 25 64 00                        	DB	"%d",0x00
   212                                          [SECTION .text]
   213 00000191                                 	GLOBAL	_hanoi_print
   214 00000191                                 _hanoi_print:
   215 00000191 55                              	PUSH	EBP
   216 00000192 89 E5                           	MOV	EBP,ESP
   217 00000194 57                              	PUSH	EDI
   218 00000195 56                              	PUSH	ESI
   219 00000196 31 F6                           	XOR	ESI,ESI
   220 00000198 53                              	PUSH	EBX
   221 00000199 8D 5D E4                        	LEA	EBX,DWORD [-28+EBP]
   222 0000019C 83 EC 10                        	SUB	ESP,16
   223 0000019F 8B 7D 08                        	MOV	EDI,DWORD [8+EBP]
   224 000001A2 6A 00                           	PUSH	0
   225 000001A4 68 000000C1                     	PUSH	193
   226 000001A9 68 00000127                     	PUSH	295
   227 000001AE 6A 1A                           	PUSH	26
   228 000001B0 6A 06                           	PUSH	6
   229 000001B2 57                              	PUSH	EDI
   230 000001B3 E8 [00000000]                   	CALL	_api_boxfilwin
   231 000001B8 6A 06                           	PUSH	6
   232 000001BA 68 000000C1                     	PUSH	193
   233 000001BF 6A 42                           	PUSH	66
   234 000001C1 6A 35                           	PUSH	53
   235 000001C3 6A 38                           	PUSH	56
   236 000001C5 57                              	PUSH	EDI
   237 000001C6 E8 [00000000]                   	CALL	_api_boxfilwin
   238 000001CB 83 C4 30                        	ADD	ESP,48
   239 000001CE 6A 06                           	PUSH	6
   240 000001D0 68 000000C1                     	PUSH	193
   241 000001D5 68 0000009C                     	PUSH	156
   242 000001DA 6A 35                           	PUSH	53
   243 000001DC 68 00000092                     	PUSH	146
   244 000001E1 57                              	PUSH	EDI
   245 000001E2 E8 [00000000]                   	CALL	_api_boxfilwin
   246 000001E7 6A 06                           	PUSH	6
   247 000001E9 68 000000C1                     	PUSH	193
   248 000001EE 68 000000F6                     	PUSH	246
   249 000001F3 6A 35                           	PUSH	53
   250 000001F5 68 000000EC                     	PUSH	236
   251 000001FA 57                              	PUSH	EDI
   252 000001FB E8 [00000000]                   	CALL	_api_boxfilwin
   253 00000200 83 C4 30                        	ADD	ESP,48
   254 00000203 6B 05 [00000004] 5A             	IMUL	EAX,DWORD [_out_location],90
   255 0000020A 6A 1C                           	PUSH	28
   256 0000020C 8D 50 43                        	LEA	EDX,DWORD [67+EAX]
   257 0000020F 83 C0 38                        	ADD	EAX,56
   258 00000212 52                              	PUSH	EDX
   259 00000213 50                              	PUSH	EAX
   260 00000214 57                              	PUSH	EDI
   261 00000215 E8 FFFFFE72                     	CALL	_triangle_print
   262 0000021A FF 35 [0000000C]                	PUSH	DWORD [_step]
   263 00000220 68 [00000010]                   	PUSH	LC0
   264 00000225 53                              	PUSH	EBX
   265 00000226 E8 [00000000]                   	CALL	_sprintf
   266 0000022B 53                              	PUSH	EBX
   267 0000022C 6A 08                           	PUSH	8
   268 0000022E 6A 03                           	PUSH	3
   269 00000230 6A 1A                           	PUSH	26
   270 00000232 68 000000F0                     	PUSH	240
   271 00000237 57                              	PUSH	EDI
   272 00000238 E8 [00000000]                   	CALL	_api_putstrwin
   273 0000023D 83 C4 34                        	ADD	ESP,52
   274 00000240 57                              	PUSH	EDI
   275 00000241 E8 FFFFFEF7                     	CALL	_outitem_print
   276 00000246 58                              	POP	EAX
   277 00000247                                 L48:
   278 00000247 31 DB                           	XOR	EBX,EBX
   279 00000249 3B 1D [00000008]                	CMP	EBX,DWORD [_level]
   280 0000024F 7C 0E                           	JL	L47
   281 00000251                                 L52:
   282 00000251 46                              	INC	ESI
   283 00000252 83 FE 02                        	CMP	ESI,2
   284 00000255 7E F0                           	JLE	L48
   285 00000257 8D 65 F4                        	LEA	ESP,DWORD [-12+EBP]
   286 0000025A 5B                              	POP	EBX
   287 0000025B 5E                              	POP	ESI
   288 0000025C 5F                              	POP	EDI
   289 0000025D 5D                              	POP	EBP
   290 0000025E C3                              	RET
   291 0000025F                                 L47:
   292 0000025F 8B 04 B5 [00000040]             	MOV	EAX,DWORD [_hanois+ESI*4]
   293 00000266 FF 34 98                        	PUSH	DWORD [EAX+EBX*4]
   294 00000269 53                              	PUSH	EBX
   295 0000026A 43                              	INC	EBX
   296 0000026B 56                              	PUSH	ESI
   297 0000026C 57                              	PUSH	EDI
   298 0000026D E8 FFFFFE6B                     	CALL	_item_print
   299 00000272 83 C4 10                        	ADD	ESP,16
   300 00000275 3B 1D [00000008]                	CMP	EBX,DWORD [_level]
   301 0000027B 7C E2                           	JL	L47
   302 0000027D EB D2                           	JMP	L52
   303 0000027F                                 	GLOBAL	_hanoi_left
   304 0000027F                                 _hanoi_left:
   305 0000027F 55                              	PUSH	EBP
   306 00000280 A1 [00000004]                   	MOV	EAX,DWORD [_out_location]
   307 00000285 89 E5                           	MOV	EBP,ESP
   308 00000287 85 C0                           	TEST	EAX,EAX
   309 00000289 75 02                           	JNE	L56
   310 0000028B 5D                              	POP	EBP
   311 0000028C C3                              	RET
   312 0000028D                                 L56:
   313 0000028D 48                              	DEC	EAX
   314 0000028E 5D                              	POP	EBP
   315 0000028F A3 [00000004]                   	MOV	DWORD [_out_location],EAX
   316 00000294 E9 FFFFFEF8                     	JMP	_hanoi_print
   317 00000299                                 	GLOBAL	_hanoi_right
   318 00000299                                 _hanoi_right:
   319 00000299 55                              	PUSH	EBP
   320 0000029A A1 [00000004]                   	MOV	EAX,DWORD [_out_location]
   321 0000029F 89 E5                           	MOV	EBP,ESP
   322 000002A1 83 F8 02                        	CMP	EAX,2
   323 000002A4 74 0C                           	JE	L57
   324 000002A6 40                              	INC	EAX
   325 000002A7 5D                              	POP	EBP
   326 000002A8 A3 [00000004]                   	MOV	DWORD [_out_location],EAX
   327 000002AD E9 FFFFFEDF                     	JMP	_hanoi_print
   328 000002B2                                 L57:
   329 000002B2 5D                              	POP	EBP
   330 000002B3 C3                              	RET
   331 000002B4                                 	GLOBAL	_hanoi_gettop
   332 000002B4                                 _hanoi_gettop:
   333 000002B4 55                              	PUSH	EBP
   334 000002B5 8B 15 [00000008]                	MOV	EDX,DWORD [_level]
   335 000002BB 89 E5                           	MOV	EBP,ESP
   336 000002BD 4A                              	DEC	EDX
   337 000002BE 8B 4D 08                        	MOV	ECX,DWORD [8+EBP]
   338 000002C1 78 10                           	JS	L68
   339 000002C3                                 L66:
   340 000002C3 8B 04 8D [00000040]             	MOV	EAX,DWORD [_hanois+ECX*4]
   341 000002CA 83 3C 90 00                     	CMP	DWORD [EAX+EDX*4],0
   342 000002CE 7F 08                           	JG	L69
   343 000002D0 4A                              	DEC	EDX
   344 000002D1 79 F0                           	JNS	L66
   345 000002D3                                 L68:
   346 000002D3 83 C8 FF                        	OR	EAX,-1
   347 000002D6                                 L60:
   348 000002D6 5D                              	POP	EBP
   349 000002D7 C3                              	RET
   350 000002D8                                 L69:
   351 000002D8 89 D0                           	MOV	EAX,EDX
   352 000002DA EB FA                           	JMP	L60
   353 000002DC                                 	GLOBAL	_hanoi_up
   354 000002DC                                 _hanoi_up:
   355 000002DC 55                              	PUSH	EBP
   356 000002DD 89 E5                           	MOV	EBP,ESP
   357 000002DF 53                              	PUSH	EBX
   358 000002E0 83 3D [00000000] 00             	CMP	DWORD [_out_size],0
   359 000002E7 8B 5D 08                        	MOV	EBX,DWORD [8+EBP]
   360 000002EA 74 05                           	JE	L75
   361 000002EC                                 L70:
   362 000002EC 8B 5D FC                        	MOV	EBX,DWORD [-4+EBP]
   363 000002EF C9                              	LEAVE
   364 000002F0 C3                              	RET
   365 000002F1                                 L75:
   366 000002F1 FF 35 [00000004]                	PUSH	DWORD [_out_location]
   367 000002F7 E8 FFFFFFB8                     	CALL	_hanoi_gettop
   368 000002FC 89 C1                           	MOV	ECX,EAX
   369 000002FE 58                              	POP	EAX
   370 000002FF 83 F9 FF                        	CMP	ECX,-1
   371 00000302 74 E8                           	JE	L70
   372 00000304 A1 [00000004]                   	MOV	EAX,DWORD [_out_location]
   373 00000309 8B 14 85 [00000040]             	MOV	EDX,DWORD [_hanois+EAX*4]
   374 00000310 8B 04 8A                        	MOV	EAX,DWORD [EDX+ECX*4]
   375 00000313 A3 [00000000]                   	MOV	DWORD [_out_size],EAX
   376 00000318 C7 04 8A 00000000               	MOV	DWORD [EDX+ECX*4],0
   377 0000031F 89 5D 08                        	MOV	DWORD [8+EBP],EBX
   378 00000322 8B 5D FC                        	MOV	EBX,DWORD [-4+EBP]
   379 00000325 C9                              	LEAVE
   380 00000326 E9 FFFFFE66                     	JMP	_hanoi_print
   381 0000032B                                 	GLOBAL	_hanoi_down
   382 0000032B                                 _hanoi_down:
   383 0000032B 55                              	PUSH	EBP
   384 0000032C 89 E5                           	MOV	EBP,ESP
   385 0000032E 53                              	PUSH	EBX
   386 0000032F 83 3D [00000000] 00             	CMP	DWORD [_out_size],0
   387 00000336 8B 5D 08                        	MOV	EBX,DWORD [8+EBP]
   388 00000339 75 05                           	JNE	L84
   389 0000033B                                 L76:
   390 0000033B 8B 5D FC                        	MOV	EBX,DWORD [-4+EBP]
   391 0000033E C9                              	LEAVE
   392 0000033F C3                              	RET
   393 00000340                                 L84:
   394 00000340 FF 35 [00000004]                	PUSH	DWORD [_out_location]
   395 00000346 E8 FFFFFF69                     	CALL	_hanoi_gettop
   396 0000034B 89 C2                           	MOV	EDX,EAX
   397 0000034D 58                              	POP	EAX
   398 0000034E 83 FA FF                        	CMP	EDX,-1
   399 00000351 74 36                           	JE	L85
   400 00000353 A1 [00000004]                   	MOV	EAX,DWORD [_out_location]
   401 00000358 8B 0C 85 [00000040]             	MOV	ECX,DWORD [_hanois+EAX*4]
   402 0000035F A1 [00000000]                   	MOV	EAX,DWORD [_out_size]
   403 00000364 39 04 91                        	CMP	DWORD [ECX+EDX*4],EAX
   404 00000367 7E D2                           	JLE	L76
   405 00000369 89 44 91 04                     	MOV	DWORD [4+ECX+EDX*4],EAX
   406 0000036D                                 L83:
   407 0000036D C7 05 [00000000] 00000000       	MOV	DWORD [_out_size],0
   408 00000377 FF 05 [0000000C]                	INC	DWORD [_step]
   409 0000037D 89 5D 08                        	MOV	DWORD [8+EBP],EBX
   410 00000380 8B 5D FC                        	MOV	EBX,DWORD [-4+EBP]
   411 00000383 C9                              	LEAVE
   412 00000384 E9 FFFFFE08                     	JMP	_hanoi_print
   413 00000389                                 L85:
   414 00000389 A1 [00000004]                   	MOV	EAX,DWORD [_out_location]
   415 0000038E 8B 14 85 [00000040]             	MOV	EDX,DWORD [_hanois+EAX*4]
   416 00000395 A1 [00000000]                   	MOV	EAX,DWORD [_out_size]
   417 0000039A 89 02                           	MOV	DWORD [EDX],EAX
   418 0000039C EB CF                           	JMP	L83
   419                                          [SECTION .data]
   420 00000013                                 LC1:
   421 00000013 70 6C 65 61 73 65 20 69 6E 70   	DB	"please input the level:",0x00
       0000001D 75 74 20 74 68 65 20 6C 65 76 
       00000027 65 6C 3A 00 
   422 0000002B                                 LC2:
   423 0000002B 33 20 00                        	DB	"3 ",0x00
   424 0000002E                                 LC3:
   425 0000002E 59 4F 55 20 57 49 4E 21 00      	DB	"YOU WIN!",0x00
   426                                          [SECTION .text]
   427 0000039E                                 	GLOBAL	_hanoi_start
   428 0000039E                                 _hanoi_start:
   429 0000039E 55                              	PUSH	EBP
   430 0000039F 89 E5                           	MOV	EBP,ESP
   431 000003A1 57                              	PUSH	EDI
   432 000003A2 56                              	PUSH	ESI
   433 000003A3 53                              	PUSH	EBX
   434 000003A4 83 EC 14                        	SUB	ESP,20
   435 000003A7 8B 75 08                        	MOV	ESI,DWORD [8+EBP]
   436 000003AA 6A 00                           	PUSH	0
   437 000003AC 68 000000C1                     	PUSH	193
   438 000003B1 68 00000127                     	PUSH	295
   439 000003B6 6A 1A                           	PUSH	26
   440 000003B8 6A 06                           	PUSH	6
   441 000003BA 56                              	PUSH	ESI
   442 000003BB E8 [00000000]                   	CALL	_api_boxfilwin
   443 000003C0 68 [00000013]                   	PUSH	LC1
   444 000003C5 6A 18                           	PUSH	24
   445 000003C7 6A 03                           	PUSH	3
   446 000003C9 6A 64                           	PUSH	100
   447 000003CB 6A 1E                           	PUSH	30
   448 000003CD 56                              	PUSH	ESI
   449 000003CE E8 [00000000]                   	CALL	_api_putstrwin
   450 000003D3 83 C4 30                        	ADD	ESP,48
   451 000003D6 68 [0000002B]                   	PUSH	LC2
   452 000003DB                                 L112:
   453 000003DB 6A 18                           	PUSH	24
   454 000003DD 6A 03                           	PUSH	3
   455 000003DF 6A 64                           	PUSH	100
   456 000003E1 68 000000FA                     	PUSH	250
   457 000003E6 56                              	PUSH	ESI
   458 000003E7 E8 [00000000]                   	CALL	_api_putstrwin
   459 000003EC 83 C4 18                        	ADD	ESP,24
   460 000003EF                                 L96:
   461 000003EF 6A 01                           	PUSH	1
   462 000003F1 E8 [00000000]                   	CALL	_api_getkey
   463 000003F6 6A 00                           	PUSH	0
   464 000003F8 68 000000C1                     	PUSH	193
   465 000003FD 89 C3                           	MOV	EBX,EAX
   466 000003FF 68 00000127                     	PUSH	295
   467 00000404 6A 1A                           	PUSH	26
   468 00000406 6A 06                           	PUSH	6
   469 00000408 56                              	PUSH	ESI
   470 00000409 E8 [00000000]                   	CALL	_api_boxfilwin
   471 0000040E 68 [00000013]                   	PUSH	LC1
   472 00000413 6A 18                           	PUSH	24
   473 00000415 6A 03                           	PUSH	3
   474 00000417 6A 64                           	PUSH	100
   475 00000419 6A 1E                           	PUSH	30
   476 0000041B 56                              	PUSH	ESI
   477 0000041C E8 [00000000]                   	CALL	_api_putstrwin
   478 00000421 83 C4 34                        	ADD	ESP,52
   479 00000424 83 FB 0A                        	CMP	EBX,10
   480 00000427 74 39                           	JE	L115
   481 00000429 8D 43 CD                        	LEA	EAX,DWORD [-51+EBX]
   482 0000042C 83 F8 06                        	CMP	EAX,6
   483 0000042F 76 15                           	JBE	L116
   484 00000431 A0 [00000008]                   	MOV	AL,BYTE [_level]
   485 00000436 83 C0 30                        	ADD	EAX,48
   486 00000439 88 45 E0                        	MOV	BYTE [-32+EBP],AL
   487 0000043C 8D 45 E0                        	LEA	EAX,DWORD [-32+EBP]
   488 0000043F C6 45 E1 00                     	MOV	BYTE [-31+EBP],0
   489 00000443                                 L113:
   490 00000443 50                              	PUSH	EAX
   491 00000444 EB 95                           	JMP	L112
   492 00000446                                 L116:
   493 00000446 8D 43 D0                        	LEA	EAX,DWORD [-48+EBX]
   494 00000449 A3 [00000008]                   	MOV	DWORD [_level],EAX
   495 0000044E A0 [00000008]                   	MOV	AL,BYTE [_level]
   496 00000453 83 C0 30                        	ADD	EAX,48
   497 00000456 88 45 E2                        	MOV	BYTE [-30+EBP],AL
   498 00000459 8D 45 E2                        	LEA	EAX,DWORD [-30+EBP]
   499 0000045C C6 45 E3 00                     	MOV	BYTE [-29+EBP],0
   500 00000460 EB E1                           	JMP	L113
   501 00000462                                 L115:
   502 00000462 A1 [00000008]                   	MOV	EAX,DWORD [_level]
   503 00000467 83 E8 03                        	SUB	EAX,3
   504 0000046A 83 F8 06                        	CMP	EAX,6
   505 0000046D 0F 87 FFFFFF7C                  	JA	L96
   506 00000473 56                              	PUSH	ESI
   507 00000474 31 FF                           	XOR	EDI,EDI
   508 00000476 E8 FFFFFB85                     	CALL	_hanoi_init
   509 0000047B 58                              	POP	EAX
   510 0000047C                                 L97:
   511 0000047C 83 FF 01                        	CMP	EDI,1
   512 0000047F 74 6F                           	JE	L98
   513 00000481 6A 01                           	PUSH	1
   514 00000483 E8 [00000000]                   	CALL	_api_getkey
   515 00000488 89 C3                           	MOV	EBX,EAX
   516 0000048A 58                              	POP	EAX
   517 0000048B 83 FB 36                        	CMP	EBX,54
   518 0000048E 75 09                           	JNE	L117
   519 00000490 56                              	PUSH	ESI
   520 00000491 E8 FFFFFE03                     	CALL	_hanoi_right
   521 00000496                                 L114:
   522 00000496 58                              	POP	EAX
   523 00000497 EB E3                           	JMP	L97
   524 00000499                                 L117:
   525 00000499 83 FB 36                        	CMP	EBX,54
   526 0000049C 7E 1F                           	JLE	L118
   527 0000049E 83 FB 38                        	CMP	EBX,56
   528 000004A1 75 08                           	JNE	L119
   529 000004A3 56                              	PUSH	ESI
   530 000004A4 E8 FFFFFE33                     	CALL	_hanoi_up
   531 000004A9 EB EB                           	JMP	L114
   532 000004AB                                 L119:
   533 000004AB 83 FB 71                        	CMP	EBX,113
   534 000004AE 75 CC                           	JNE	L97
   535 000004B0 56                              	PUSH	ESI
   536 000004B1 E8 [00000000]                   	CALL	_api_closewin
   537 000004B6 E8 [00000000]                   	CALL	_api_end
   538 000004BB EB D9                           	JMP	L114
   539 000004BD                                 L118:
   540 000004BD 83 FB 32                        	CMP	EBX,50
   541 000004C0 75 21                           	JNE	L121
   542 000004C2 56                              	PUSH	ESI
   543 000004C3 E8 FFFFFE63                     	CALL	_hanoi_down
   544 000004C8 6A 02                           	PUSH	2
   545 000004CA E8 FFFFFDE5                     	CALL	_hanoi_gettop
   546 000004CF 59                              	POP	ECX
   547 000004D0 8B 15 [00000008]                	MOV	EDX,DWORD [_level]
   548 000004D6 5B                              	POP	EBX
   549 000004D7 4A                              	DEC	EDX
   550 000004D8 39 D0                           	CMP	EAX,EDX
   551 000004DA 75 A0                           	JNE	L97
   552 000004DC BF 00000001                     	MOV	EDI,1
   553 000004E1 EB 99                           	JMP	L97
   554 000004E3                                 L121:
   555 000004E3 83 FB 34                        	CMP	EBX,52
   556 000004E6 75 94                           	JNE	L97
   557 000004E8 56                              	PUSH	ESI
   558 000004E9 E8 FFFFFD91                     	CALL	_hanoi_left
   559 000004EE EB A6                           	JMP	L114
   560 000004F0                                 L98:
   561 000004F0 6A 00                           	PUSH	0
   562 000004F2 8D 5D E4                        	LEA	EBX,DWORD [-28+EBP]
   563 000004F5 68 000000C1                     	PUSH	193
   564 000004FA 68 00000127                     	PUSH	295
   565 000004FF 6A 1A                           	PUSH	26
   566 00000501 6A 06                           	PUSH	6
   567 00000503 56                              	PUSH	ESI
   568 00000504 E8 [00000000]                   	CALL	_api_boxfilwin
   569 00000509 68 [0000002E]                   	PUSH	LC3
   570 0000050E 6A 08                           	PUSH	8
   571 00000510 6A 03                           	PUSH	3
   572 00000512 6A 64                           	PUSH	100
   573 00000514 6A 1E                           	PUSH	30
   574 00000516 56                              	PUSH	ESI
   575 00000517 E8 [00000000]                   	CALL	_api_putstrwin
   576 0000051C 83 C4 30                        	ADD	ESP,48
   577 0000051F FF 35 [0000000C]                	PUSH	DWORD [_step]
   578 00000525 68 [00000010]                   	PUSH	LC0
   579 0000052A 53                              	PUSH	EBX
   580 0000052B E8 [00000000]                   	CALL	_sprintf
   581 00000530 53                              	PUSH	EBX
   582 00000531 6A 08                           	PUSH	8
   583 00000533 6A 03                           	PUSH	3
   584 00000535 6A 64                           	PUSH	100
   585 00000537 6A 64                           	PUSH	100
   586 00000539 56                              	PUSH	ESI
   587 0000053A E8 [00000000]                   	CALL	_api_putstrwin
   588 0000053F C7 05 [00000008] 00000003       	MOV	DWORD [_level],3
   589 00000549 8D 65 F4                        	LEA	ESP,DWORD [-12+EBP]
   590 0000054C 5B                              	POP	EBX
   591 0000054D 5E                              	POP	ESI
   592 0000054E 5F                              	POP	EDI
   593 0000054F 5D                              	POP	EBP
   594 00000550 C3                              	RET
   595                                          [SECTION .data]
   596 00000037                                 LC4:
   597 00000037 68 61 6E 6F 69 00               	DB	"hanoi",0x00
   598                                          [SECTION .text]
   599 00000551                                 	GLOBAL	_HariMain
   600 00000551                                 _HariMain:
   601 00000551 55                              	PUSH	EBP
   602 00000552 89 E5                           	MOV	EBP,ESP
   603 00000554 53                              	PUSH	EBX
   604 00000555 E8 [00000000]                   	CALL	_api_initmalloc
   605 0000055A 68 0000EA60                     	PUSH	60000
   606 0000055F E8 [00000000]                   	CALL	_api_malloc
   607 00000564 68 [00000037]                   	PUSH	LC4
   608 00000569 6A FF                           	PUSH	-1
   609 0000056B 68 000000C8                     	PUSH	200
   610 00000570 68 0000012C                     	PUSH	300
   611 00000575 50                              	PUSH	EAX
   612 00000576 E8 [00000000]                   	CALL	_api_openwin
   613 0000057B 89 C3                           	MOV	EBX,EAX
   614 0000057D 50                              	PUSH	EAX
   615 0000057E E8 FFFFFE1B                     	CALL	_hanoi_start
   616 00000583 83 C4 1C                        	ADD	ESP,28
   617 00000586                                 L124:
   618 00000586 6A 01                           	PUSH	1
   619 00000588 E8 [00000000]                   	CALL	_api_getkey
   620 0000058D 5A                              	POP	EDX
   621 0000058E 83 F8 0A                        	CMP	EAX,10
   622 00000591 75 F3                           	JNE	L124
   623 00000593 53                              	PUSH	EBX
   624 00000594 E8 FFFFFE05                     	CALL	_hanoi_start
   625 00000599 58                              	POP	EAX
   626 0000059A EB EA                           	JMP	L124
   627 0000059C                                 	GLOBAL	_hanois
   628                                          [SECTION .data]
   629 0000003D 00 00 00                        	ALIGNB	8
   630 00000040                                 _hanois:
   631 00000040 00 00 00 00 00 00 00 00 00 00   	RESB	12
       0000004A 00 00 
